                                                                             Electrodynamics of s-wave superconductors
                                                                                                            Naoum Karchev∗
                                                                                 Department of Physics, University of Sofia, 1126 Sofia, Bulgaria

                                                                   In this paper we give a derivation of a system of equations to describe the electrodynamics of
                                                                 s-wave superconductors. First, we consider a relativistically covariant theory in terms of gauge
                                                                 four-vector electromagnetic potential and scalar complex field. We use the first-order formalism to
                                                                 obtain the supplemented Maxwell equations for gauge invariant electric, magnetic, four-vector fields
                                                                 and the modulus of the superconducting order parameter. The new four-vector field appears in
arXiv:1512.04284v2 [cond-mat.supr-con] 7 Jul 2016




                                                                 some of the equations as a gauge invariant super-current and in other ones, while gauge invariant,
                                                                 as a four-vector electromagnetic potential. This dual contribution of the new four-vector field is
                                                                 the basis of the electrodynamics of superconductors. We focus on the system of equations with
                                                                 time-independent fields. The qualitative analysis shows that the applied magnetic field suppresses
                                                                 the superconductivity, while the applied electric field impacts appositely, supporting it. Second we
                                                                 consider time-dependent non-relativistic Ginzburg-Landau theory.

                                                                 PACS numbers: 74.20.-z,74.20.Mn,71.10.-w



                                                                                                     I.     INTRODUCTION

                                                       The earliest study of the electrodynamics of s-wave superconductors is attributed to London brothers [1]. They sup-
                                                    plemented the Maxwell system of equations with set of equations to explain the electrodynamics of superconductors
                                                    and more particularly the Meissner-Ochsenfeld effect. The quantum-mechanical foundation of these equations was dis-
                                                    cussed in phenomenological Ginzburg-Landau theory [2]. There is also an attempt to explain the Meissner-Ochsenfeld
                                                    effect in a purely classical way [3].
                                                       The unsuccessful experiments to detect an electric field in superconductors [4] led to the lack of interest. There is at
                                                    present no general understanding of the interplay between applied electric, magnetic fields and superconductivity. In
                                                    [5] a microscopic justification is given that a superconductor may have an electric field in its interior. The phenomenon
                                                    is considered as a consequence of hole superconductivity [6].
                                                       Our main goal is to show that a system of equations which describes the electrodynamics of s-wave superconductors
                                                    can be derived from time dependent Ginzburg-Landau theory. First, we consider a relativistically covariant theory
                                                    in terms of gauge four-vector electromagnetic potentials and scalar complex field. The electrodynamics is a Lorentz
                                                    covariant theory and one expects that the model under consideration will help to get deeper insight for the interplay
                                                    between electric, magnetic fields and superconductivity. We want also to compare our results with the results in
                                                    [1] and [7] where relativistically covariant theory of superconductivity is discussed. We focus on the system of
                                                    equations with time-independent fields. The qualitative analysis shows that the applied magnetic field suppresses the
                                                    superconductivity, while the applied electric field impacts appositely, supporting it.
                                                       The system of equations, derived from a relativistically non-covariant theory, shows that the effect of the applied
                                                    electric field depends on the direction of the field.
                                                       The paper is organized as follows: In Section II, we derive the system of equations to describe the electrodynamics
                                                    of s-wave superconductors from relativistically covariant theory of superconductivity. For the case when density of
                                                    Cooper pairs is a constant the system of equations reduces to the London brothers equations. The system of equations
                                                    derived in the present paper includes an equation for the density of Cooper pairs which shows the different impact on
                                                    superconductivity of applied electric and magnetic fields. In Section III, we use the same technique of calculations to
                                                    consider time-dependent relativistically non-covariant Ginzburg-Landau theory. The main results are reported and
                                                    commented in Section IV.



                                                    ∗ Tel: +3 592 8527754

                                                      E-mail address: naoum@phys.uni-sofia.bg
                                                                                                                           2

              II.   RELATIVISTICALLY COVARIANT THEORY OF SUPERCONDUCTIVITY

  We begin with a well-known field-theory action [8] for relativistically covariant theory of superconductivity
                                                
                                                    1
                                         Z
                                            d4 x − (∂λ Aν − ∂ν Aλ ) ∂ λ Aν − ∂ ν Aλ
                                                                                    
                                  S =
                                                    4
                                     + (∂λ − ie Aλ ) ψ ∗ ∂ λ + ie∗ Aλ ψ
                                                  ∗
                                                                      
                                                                                                                  (1)
                                                   g       i
                                     + αψ ∗ ψ − (ψ ∗ ψ)2
                                                   2
written in terms of gauge four-vector electromagnetic potential ”A” and complex scalar field ”ψ”, the superconducting
order parameter. The parameter
                                                     α = α0 (Tc − T, )                                                   (2)
where T is the temperature and Tc is the critical temperature, is positive when the system is superconductor. We
use the standard, for the relativistically covariant systems, notations: x = (x0 , x1 , x2 , x3 ) = (x0 , −x1 , −x2 , −x3 ) =
(υt, x, y, z), υ −2 = µε, where µ is the magnetic permeability and ε is the electric permittivity of the superconductor.
We assume that these parameters do not change their values when the system undergoes normal to superconductor
transition. The action (1) is invariant under the gauge transformations
                                                 ψ ′ (x) = exp [ie∗ φ(x)]ψ
                                                     A′ν = Aν − ∂ν φ(x),                                                 (3)
where φ(x) is a real function.
  We represent the order parameter ψ(x) in the form
                                                ψ(x) = ρ(x) exp [ie∗ θ(x)],                                              (4)
where ρ(x) = |ψ(x)| is a gauge invariant and the gauge transformation of θ(x) is
                                                   θ′ (x) = θ(x) + φ(x).                                                 (5)
The action (1), rewritten in terms of ρ and θ, adopts the form
                                                 
                                                     1
                                         Z
                                            d x − (∂λ Aν − ∂ν Aλ ) ∂ λ Aν − ∂ ν Aλ
                                             4
                                                                                   
                                   S =
                                                     4
                                      + e∗2 ρ2 (∂λ θ + Aλ ) ∂ λ θ + Aλ
                                                                       
                                                                                                                         (6)
                                                            g i
                                      + ∂λ ρ∂ λ ρ + αρ2 − ρ4 .
                                                            2
  It is convenient to use the action in the first-order formalism
                                                                                   
                                                   1                          1
                                       Z
                                           4                             λν       λν
                                 S =      d x − (∂λ Aν − ∂ν Aλ ) F − Fλν F
                                                   2                          2
                                                                           
                                                                   1
                                    + 2e∗2 ρ2 (∂λ θ + Aλ ) Qλ − Qλ Qλ                                                    (7)
                                                                   2
                                                          g o
                                    + ∂λ ρ∂ λ ρ + αρ2 − ρ4 ,
                                                          2
where gauge potential Aλ , phase θ, gauge invariant antisymmetric field F λν = −F νλ , gauge invariant four-vector field
Qλ and gauge invariant scalar field ρ are assumed to be independent degrees of freedom in the theory.
  To derive the system of Maxwell equations for s-wave superconductors we vary the action (7) with respect to F λν ,
Q , Aλ , θ and ρ. The resulting system of equation reads:
 λ


                                            Fλν = (∂λ Aν − ∂ν Aλ )                                                       (8)
                                            Qλ = ∂λ θ + Aλ                                                               (9)
                                            ∂λ F λν + 2e∗2 ρ2 Qν = 0                                                    (10)
                                            ∂λ ρ2 Qλ = 0
                                                     
                                                                                                                        (11)
                                            ∂λ ∂ λ ρ − αρ + gρ3
                                                                          
                                                  ∗2             λ 1     λ
                                            = 2e ρ (∂λ θ + Aλ ) Q − Qλ Q                                                (12)
                                                                   2
                                                                                                                           3

  If we set in equations (10), (11) and (12) the expressions for Fλν and Qλ from equations (8) and (9) we obtain the
equations of motion following from the action (6). This means that theories with actions (6) and (7) are equivalent.
  Alternatively, one eliminates the gauge fields Aλ and θ from equations (8-12) to obtain the system of equations for
the gauge invariant fields F λν , Qλ and ρ:
                                            ∂λ Fνδ + ∂ν Fδλ + ∂δ Fλν = 0                                                (13)
                                            ∂λ F λν + 2e∗2 ρ2 Qν = 0                                                    (14)
                                            ∂λ ρ2 Qλ = 0
                                                       
                                                                                                                        (15)
                                            ∂λ Qν − ∂ν Qλ = Fλν                                                         (16)
                                            ∂λ ∂ λ ρ − αρ + gρ3 − e∗2 ρQλ Qλ = 0.                                       (17)
Equation (13) follows from equation (8), while equation (16) from equation (9).
  Straightforward calculations show that equation (15) can be obtained from equation (14) and equation (13) from
equation (16). The system of independent equations is:
                                            ∂λ F λν + 2e∗2 ρ2 Qν = 0                                                    (18)
                                            ∂λ Qν − ∂ν Qλ = Fλν                                                         (19)
                                            ∂λ ∂ λ ρ − αρ + gρ3 − e∗2 ρQλ Qλ = 0.                                       (20)
  We construct the antisymmetric tensor Fλν by means of the electric E and magnetic B fields in a standard way:
(F01 , F02 , F03 ) = E/υ, (F32 , F13 , F21 ) = B and (Q0 , Q1 , Q2 , Q3 ) = (Q/υ, Q). In terms of E, B, Q and Q the system of
equations which describes the electrodynamics of s-wave superconductors is:
                                     −
                                     →          ∂E
                                     ∇ × B = µε      − 2e∗2 ρ2 Q                                                        (21)
                                                ∂t
                                     →
                                     −
                                     ∇ ×Q = B                                                                           (22)
                                     →
                                     −
                                     ∇ · E = −2e∗2 ρ2 Q                                                                 (23)
                                     →
                                     −     ∂Q
                                     ∇Q +      = −E                                                                     (24)
                                            ∂t
                                         2
                                       ∂ ρ
                                     µε 2 − ∆ρ − αρ + gρ3 − e∗2 ρ µεQ2 − Q2 = 0.
                                                                          
                                       ∂t
                                                                                                                        (25)
It is important to stress that the gauge invariant vector Q and scalar Q fields take part in the equations (22) and
(24) as a magnetic vector and electric scalar potentials, while in equation (21) (−2e∗2 ρ2 Q) is a supercurrent and in
equation (23) (−2e∗2 ρ2 Q) is a density of superconducting quasi-particles . This dual contribution of the new fields is
the basis of the electrodynamics of superconductors.
   We focus on the system of equations with time-independent fields:
                                         →
                                         −
                                         ∇ × B = −2e∗2 ρ2 Q                                                        (26)
                                         →
                                         −
                                         ∇ ×Q = B                                                                  (27)
                                         →
                                         −
                                         ∇ · E = −2e∗2 ρ2 Q                                                        (28)
                                         →
                                         −
                                         ∇Q = −E                                                                   (29)
                                         ∆ρ + αρ − gρ3 + e∗2 ρ µεQ2 − Q2 = 0.
                                                                           
                                                                                                                   (30)
   To compare our result with the London equations [1] we assume that deep inside the superconductor Q and Q are
zero, while ρ = ρ0 is a constant determined from the equation αρ0 − gρ30 = 0, which follows from equation (30). The
gauge transformation (5) of the phase of the order parameter θ implies that one can impose the gauge fixing condition
θ = 0. In that case the gauge invariant vector is equal to the vector potential Q = A, the gauge invariant scalar field
is equal to the scalar potential Q = A0 and the system of equations (26-29) adopts the form
                                                   →
                                                   −
                                                   ∇ × B = −2e∗2 ρ20 A                                            (31)
                                                   →
                                                   −
                                                   ∇ ×A = B                                                       (32)
                                                   →
                                                   −
                                                   ∇ · E = −2e∗2 ρ20 A0                                           (33)
                                                   → 0
                                                   −
                                                   ∇A = −E.                                                       (34)
                                                                                                                     4

With the London brothers postulates in mind
                                                   J/c = −2e∗2 ρ20 A                                              (35)
                                                   ρ = −2e∗2 ρ20 A0 ,                                             (36)
we arrived at London equations [1] .
                                                                    →
                                                                    −
  Taking the curl of (31), using the equation (32) and the identity ∇ · B = 0, which follows from this equation, we
obtain
                                                            1
                                                   ∆B = 2 B,                                                   (37)
                                                           λL
where
                                                         p
                                                  λL =    g/(2e∗2 α).                                             (38)
Taking the divergence of (34) and using the equation (33) we obtain
                                                              1
                                                    ∆E =         E.                                               (39)
                                                             λ2L
The equations (37) and (39) imply that an electric field penetrates a distance λL as a magnetic field does [7].
  This approximation is very rough and does not account for the last term in the equation (30) which is responsible
for the different impact on superconductivity of applied electric and magnetic fields. If we apply magnetic field
(E = 0, Q = 0) the qualitative analysis of equation (30) shows that the magnetic vector potential effectively decreases
the α parameter, α → α − e∗2 < Q2 >, where < Q2 > is some average value. Therefor the Ginzburg-Landau
coherence length increases [9], which means that applied magnetic field destroys superconductivity. On the other
hand, when the electric field is applied (B = 0, Q = 0) the electric scalar potential effectively increases the α
parameter α → α + e∗2 µε < Q2 >. Hence, the Ginzburg-Landau coherence length decreases. This qualitative analysis
permits us to formulate the hypotheses that applying electric field at very low temperature one increases the critical
magnetic field. This result is experimentally testable.


                         III.   TIME DEPENDENT GINZBURG-LANDAU THEORY

   A number of authors have discussed the non-relativistic time-dependent generalization of the Ginzburg-Landau
theory [10–14]. We investigate a model with field-theory action
                                                    
                                                        1
                                           Z
                                              d x − (∂λ Aν − ∂ν Aλ ) ∂ λ Aν − ∂ ν Aλ
                                                4
                                                                                      
                                    S =
                                                        4
                                            1 ∗
                                       +      ψ (i∂t − e∗ ϕ) ψ                                                   (40)
                                           D
                                             1
                                       −          (∂k − ie∗ Ak ) ψ ∗ (∂k + ie∗ Ak ) ψ
                                           2m∗
                                                      g          i
                                       + αψ ∗ ψ − (ψ ∗ ψ)2 ,
                                                      2
where ϕ = υA0 is the electric scalar potential, with gauge transformation (3) ϕ′ = ϕ − ∂t φ, D is the normal-state
diffusion constant [14], and (e∗ , m∗ ) are effective charge and mass of superconducting quasi-particles. The index k
runs k = x, y, z.
   We follow the same procedure to derive the system of equations which describe the electrodynamics of s-wave
superconductors. We represent the order parameter ψ by means of modulus and phase (4) and write the field-theory
action, in the first-order formalism, in the form
                                                                                      
                                                      1                            1
                                         Z
                                  S =       d4 x − (∂λ Aν − ∂ν Aλ ) F λν − Fλν F λν
                                                      2                            2
                                         e∗ 2
                                     −      ρ (ϕ + ∂t θ)                                                         (41)
                                         D                                    
                                         e∗2 2                         1
                                     −       ρ (∂k θ + Ak ) Qk − Qk Qk
                                         m∗                            2
                                                                       
                                           1                 2     g 4
                                     −         ∂k ρ∂k ρ + αρ − ρ .
                                         2m∗                       2
                                                                                                                       5

It is important to stress that Qk is a three component vector field and k = x, y, z. Using a variational principle we
obtain the system of equations

                                           Fλν = (∂λ Aν − ∂ν Aλ )                                                   (42)
                                           Qk = ∂k θ + Ak                                                           (43)
                                                       e∗2
                                           ∂λ F λ k + ∗ ρ2 Qk = 0                                                   (44)
                                                       m
                                                      υe∗ 2
                                           ∂k F0k −        ρ =0                                                     (45)
                                                       D
                                                    D
                                           ∂t ρ2 + ∗ ∂k ρ2 Qk = 0
                                                               
                                                                                                                    (46)
                                                    m
                                             1                   e∗
                                                 ∆ρ + αρ − gρ3 − ρ (ϕ + ∂t θ)
                                           2m∗                   D       
                                               e∗2                  1
                                           = ∗ ρ (∂k θ + Ak ) Qk − Qk Qk .                                          (47)
                                               m                    2

We supplement the system of equations (42-47) with equation

                                                     Q = ∂t θ + ϕ,                                                  (48)

which is a definition of the new gauge invariant field Q. In the same way, starting from the system of equations
(42-48), we arrive at the Maxwell equations for superconductors in a non-relativistic theory.

                                      −
                                      →           ∂E e∗2 2
                                      ∇ × B = µε      − ∗ρ Q                                                        (49)
                                                  ∂t      m
                                      →
                                      −
                                      ∇ ×Q = B                                                                      (50)
                                      →
                                      −       µεe∗ 2
                                      ∇ ·E =       ρ                                                                (51)
                                               D
                                      →
                                      −    ∂Q
                                      ∇Q +      = −E                                                                (52)
                                            ∂t
                                        1                   e∗       e∗
                                          ∆ρ + αρ −  gρ 3
                                                          −    ρQ −     ρQ2 = 0.                                    (53)
                                      2m∗                   D       2m∗
  The system of equations for time-independent fields is:
                                      −
                                      →            e∗2
                                      ∇ × B = − ∗ ρ2 Q                                                              (54)
                                                   m
                                      →
                                      −
                                      ∇ ×Q = B                                                                      (55)
                                      →
                                      −         µεe∗ 2
                                      ∇ ·E =         ρ                                                              (56)
                                                 D
                                      →
                                      −
                                      ∇Q+ = −E                                                                      (57)
                                        1                  e∗     e∗
                                            ∆ρ + αρ − gρ3 − ρQ −     ρQ2 = 0.                                       (58)
                                      2m  ∗                D     2m∗
   There are two important differences between equations in relativistic theory (26-30) and equations in non relativistic
one (54-58). In contrast to equation (28), in equation (56) there is no dependence on gauge invariant scalar field Q.
The last equation (58) depends on the electric potential Q linearly, which makes the impact of the applied electric
field on superconductivity quite nontrivial.


                                                  IV.   SUMMARY

   The aim of the present paper was to present the mathematical basis for the exploration of the intricate interplay
between superconductivity and applied magnetic and electric fields. We derived a system of equations to describe the
electrodynamics of s-wave superconductors.
   When the model is relativistically covariant, we obtained that the applied electric field supports the supperconduc-
tivity. It is very difficult to experimentally test the effects of applied electric field. Right below the superconductor
                                                                                                                         6

critical temperature the normal fluid dominates the system. The screening length of the normal fluid is about one
Angström. The applied field cannot penetrate into the system more than one Angström from the surface. This is
why the electric field cannot affect the system in the interior. To study the effects of the applied electric field one has
to do experiments at very low temperatures where there are no normal quasiparticles.
   When the model is nonrelativistic, the impact of the applied electric field on superconductivity is more complicate.
   The equations in relativistic theory (26-30) are invariant under the discrete transformation B → −B, Q → −Q and
independently under the transformation E → −E, Q → −Q. In contrast, the system of equations in nonrelativistic
theory (54-58) are invariant under the discrete transformation of magnetic field B and gauge invariant field Q, but
they are not invariant under the discrete transformation of electric field E and gauge invariant field Q. This means
that the effects of the applied electric fields E0 and −E0 on superconductivity are different.
   It is important to underline that the fields Q and Q are gauge invariant. This is why they should be measurable as
the electric and magnetic fields are measurable. The role of these fields is fundamental in superconductivity but not
investigated.
   The numerical solution of the system of equations for appropriate geometry of the superconductor, for example slab
geometry [15], will help us to gain an insight into the impact of the applied electric field on the superconductivity.


                                                      Appendix A

  To elucidate the qualitative analysis in section II, we consider the system of equations (26-30) for fields which depend
on z coordinate only. Then, the system of equations for the fields Q(z), Q(z) = (0, Qy (z), 0), E(z) = (0, 0, Ez (z)),
B(z) = (Bx (z), 0, 0) and ρ(z) adopts the form
                                         dBx
                                              = −2e∗2 ρ2 Qy                                                           (A1)
                                          dz
                                         dQy
                                              = −Bx                                                                   (A2)
                                          dz
                                         dEz
                                              = −2e∗2 ρ2 Q                                                            (A3)
                                          dz
                                         dQ
                                             = −Ez                                                                    (A4)
                                         dz
                                         ∆ρ + αρ − gρ3 + e∗2 ρ µεQ2 − Q2y = 0.
                                                                        
                                                                                                                      (A5)
After some calculations one reduces the system (A1-A5) to a system of equations for Q, Qy and ρ

                                         d2 Q
                                               = 2e∗2 ρ2 Q                                                            (A6)
                                         dz 2
                                         d2 Qy
                                                = 2e∗2 ρ2 Qy                                                          (A7)
                                          dz 2
                                         ∆ρ + αρ − gρ3 + e∗2 ρ µεQ2 − Q2y = 0.
                                                                        
                                                                                                                      (A8)
  It is convenient to introduce dimensionless functions f1 (ζ), f2 (ζ) and f3 (ζ) of a dimensionless distance ζ = z/ξGL ,
where
                                                               √
                                                     ξGL = 1/ α                                                     (A9)
is the Ginzburg-Landau coherence length:
                                                 Q(ζ) = −E0 ξGL f1 (ζ)
                                                Qy (ζ) = −B0 ξGL f2 (ζ)                                             (A10)
                                                 ρ(ζ) = ρ0 f3 (ζ).
                           p
In equations (A10) ρ0 = α/g, the applied electric field is E0 = (0, 0, E0 ) and the applied magnetic field is B0 =
(B0 , 0, 0). The representations of the electric and magnetic fields by means of f1 and f2 are the following:
                                                               df1 (ζ)
                                                   Ez (ζ) = E0
                                                                 dζ
                                                               df2 (ζ)
                                                   Bx (ζ) = B0                                                      (A11)
                                                                 dζ
                                                                                                                              7

The system of equations (A6-A8), rewritten in terms of the new functions, reads:

                                                 d2 f1 (ζ)    1
                                                      2
                                                           = 2 f3 (ζ)f1 (ζ)
                                                   dζ         κ
                                                 d2 f2 (ζ)    1
                                                      2
                                                           = 2 f3 (ζ)f2 (ζ)
                                                   dζ         κ
                                                 d2 f3 (ζ)
                                                           + f3 (ζ) − f33 (ζ)                                            (A12)
                                                   dζ 2
                                                 = − f3 (ζ) γE f12 (ζ) − γB f22 (ζ)
                                                                                  

In equations (A12) κ is the Ginzburg-Landau parameter

                                                                   λL
                                                           κ =        ,                                                  (A13)
                                                                  ξGL
                      √                                        √
which satisfies κ < 1/ 2, for type I superconductors and κ > 1/ 2 for type II ones, and parameters γE and γB are

                                                    e∗2 µεE02                e∗2 B02
                                           γE =               ,       γB =           .                                   (A14)
                                                       α2                      α2




                 1,0
                                b
                                      a
                 0,8

                                            c
                 0
                 0,6




                 0,4




                 0,2




                 0,0

                       0         1           2            3           4          5          6          7

                                                              z/
                                                                     GL


FIG. 1: (Color online) (a)-function (A17),(b)-function (A18) ρ(z/ξ E )/ρ0 = ρ((ξGL /ξ E )z/ξGL ) with ξGL /ξ E = 2, (c)-function
(A19) ρ(z/ξ B )/ρ0 = ρ((ξGL /ξ B )z/ξGL ) with ξGL /ξ B = 0.6.


  For semi-infinite superconductors, with a surface of superconductor orthogonal to the z-axis, the boundary condi-
                                                                                                                     8

tions are:
                                               df1 (0)
                                                       = 1         f1 (∞) = 0
                                                 dζ
                                               df2 (0)
                                                       = 1         f2 (∞) = 0                                   (A15)
                                                 dζ
                                               f3 (0) = 0          f3 (∞) = 1.

  If neither electric nor magnetic fields are applied the equation for the dimensionless function f3 (ζ) = ρ(ζ)/ρ0

                                             d2 f3 (ζ)
                                                       + f3 (ζ) − f33 (ζ) = 0                                   (A16)
                                               dζ 2
is exactly solvable and the solution, for z ≥ 0 is
                                                            z              z
                                           f3 (ζ) = f3 (       ) = tanh( √     )                                (A17)
                                                           ξGL            2ξGL

  The qualitative analysis in section II shows that applied electric field increases the α parameter α → αE =
α + e∗2 µε < Q2 >, where < Q2 > is an average value of the scalar field. Within this approximation the expression
for f3E is
                                                           z             z
                                           f3E (ζ) = f3E ( E ) = tanh( √     ),                                 (A18)
                                                          ξ             2ξ E
              √
where ξ E = 1/ αE < ξGL . When the magnetic field is applied α decreases, α → αB = α − e∗2 < Q2 > and function
f3B reads
                                                           z             z
                                           f3B (ζ) = f3B ( B ) = tanh( √     ),                                 (A19)
                                                          ξ             2ξ B
                √
where ξ B = 1/ αB > ξGL .
   The three curves (A17-A19) are depicted in figure (1). The graph (a) shows the function ρ(z/ξGL )/ρ0 (A17),
when neither electric nor magnetic fields are applied, the graph (b) shows the function (A18), ρ(z/ξ E )/ρ0 =
ρ((ξGL /ξ E )z/ξGL ) with ξGL /ξ E = 2 and the graph (c) shows the function (A19) ρ(z/ξ B )/ρ0 = ρ((ξGL /ξ B )z/ξGL )
with ξGL /ξ B = 0.6.
   The Ginzburg-Landau coherence length measures the distance over which the superconducting order parameter
increases up to the bulk value, measured from the surface of the superconductor (z > 0). The applied electric
field decreases the GL coherence length, which means that the electric field supports the superconductivity, while
the applied magnetic field increases the GL coherence length, which means that the magnetic field destroys the
superconductivity.


 [1] F. London and H. London, Proc. R. Soc. London, Ser. A 149, 71 (1935).
 [2] V. L. Ginzburg and L. D. Landau, Zh. Eksp. Teor. Fiz. 20, 1064 (1950).
 [3] W. Farrel Edwards, Phys. Rev. Lett., 47, 1863 (1981).
 [4] H. London, Proc. R. Soc. London, Ser. A 155, 102 (1936).
 [5] J. E. Hirsch, Phys. Rev. B 68, 184502 (2003).
 [6] J. E. Hirsch and F. Marsiglio, Phys. Rev. B 39, 11515 (1989).
 [7] J. E. Hirsch, Phys. Rev. B 69, 214515 (2004).
 [8] Peter W. Higgs, Phys. Rev. Lett., 13, 508 (1964).
 [9] See the Appendix.
[10] E. Abrahams and T. Tsuneto, Phys. Rev. 152, 416 (1966).
[11] C. Caroli and K. Maki, Phys. Rev. 159, 306 (1967).
[12] L. P. Gor’kov and G. M. Eliashberg, Soviet Phys. JETP 27, 328 (1968).
[13] R. S. Thompson, Phys. Rev. B 1, 327 (1970).
[14] Michael Tinkham, Introduction to Superconductivity (McGRAW-HIL, INC, 1975).
[15] Alexander L. Fetter and John Dirk Walecka, Quantum Theory of Many-Particle Systems (McGraw-Hill Book Com-
     pany,2003).
